******************************************************************************
                  TI ARM Linker PC v20.2.5                     
******************************************************************************
>> Linked Wed May 12 01:15:59 2021

OUTPUT FILE NAME:   <project2_digy2.out>
ENTRY POINT SYMBOL: "_c_int00_noargs"  address: 00000591


MEMORY CONFIGURATION

         name            origin    length      used     unused   attr    fill
----------------------  --------  ---------  --------  --------  ----  --------
  FLASH                 00000000   00040000  0000065c  0003f9a4  R  X
  SRAM                  20000000   00008000  00000201  00007dff  RW X


SEGMENT ALLOCATION MAP

run origin  load origin   length   init length attrs members
----------  ----------- ---------- ----------- ----- -------
00000000    00000000    0000065c   0000065c    r-x
  00000000    00000000    0000026c   0000026c    r-- .intvecs
  0000026c    0000026c    000003dc   000003dc    r-x .text
  00000648    00000648    00000014   00000014    r-- .cinit
20000000    20000000    00000201   00000000    rw-
  20000000    20000000    00000200   00000000    rw- .stack
  20000200    20000200    00000001   00000000    rw- .bss


SECTION ALLOCATION MAP

 output                                  attributes/
section   page    origin      length       input sections
--------  ----  ----------  ----------   ----------------
.intvecs   0    00000000    0000026c     
                  00000000    0000026c     tm4c123gh6pm_startup_ccs.obj (.intvecs)

.text      0    0000026c    000003dc     
                  0000026c    00000140     main.obj (.text)
                  000003ac    00000132     driverlib.lib : gpio.obj (.text:GPIOPadConfigSet)
                  000004de    00000002     --HOLE-- [fill = 0]
                  000004e0    00000044     rtsv7M4_T_le_v4SPD16_eabi.lib : autoinit.c.obj (.text:__TI_auto_init_nobinit_nopinit:__TI_auto_init_nobinit_nopinit)
                  00000524    00000038     driverlib.lib : sysctl.obj (.text:SysCtlPeripheralReady)
                  0000055c    00000034                   : sysctl.obj (.text:SysCtlPeripheralEnable)
                  00000590    00000034     rtsv7M4_T_le_v4SPD16_eabi.lib : boot_cortex_m.c.obj (.text:_c_int00_noargs:_c_int00_noargs)
                  000005c4    0000002a     driverlib.lib : gpio.obj (.text:GPIODirModeSet)
                  000005ee    0000001c     rtsv7M4_T_le_v4SPD16_eabi.lib : copy_zero_init.c.obj (.text:decompress:ZI:__TI_zero_init_nomemset:__TI_zero_init_nomemset)
                  0000060a    00000018     driverlib.lib : gpio.obj (.text:GPIOPinTypeGPIOOutput)
                  00000622    0000000c     tm4c123gh6pm_startup_ccs.obj (.text)
                  0000062e    00000006     driverlib.lib : gpio.obj (.text:GPIOPinRead)
                  00000634    00000006                   : gpio.obj (.text:GPIOPinWrite)
                  0000063a    00000006                   : sysctl.obj (.text:SysCtlDelay)
                  00000640    00000004     rtsv7M4_T_le_v4SPD16_eabi.lib : pre_init.c.obj (.text:_system_pre_init)
                  00000644    00000004                                   : exit.c.obj (.text:abort:abort)

.cinit     0    00000648    00000014     
                  00000648    00000008     (.cinit..bss.load) [load image, compression = zero_init]
                  00000650    00000004     (__TI_handler_table)
                  00000654    00000008     (__TI_cinit_table)

.init_array 
*          0    00000000    00000000     UNINITIALIZED

.bss       0    20000200    00000001     UNINITIALIZED
                  20000200    00000001     (.common:flag)

.stack     0    20000000    00000200     UNINITIALIZED
                  20000000    00000004     rtsv7M4_T_le_v4SPD16_eabi.lib : boot_cortex_m.c.obj (.stack)
                  20000004    000001fc     --HOLE--

__llvm_prf_cnts 
*          0    20000000    00000000     UNINITIALIZED

MODULE SUMMARY

       Module                         code   ro data   rw data
       ------                         ----   -------   -------
    .\
       tm4c123gh6pm_startup_ccs.obj   12     620       0      
       main.obj                       320    0         1      
    +--+------------------------------+------+---------+---------+
       Total:                         332    620       1      
                                                              
    C:/ti/TivaWare_C_Series-2.1.4.178/driverlib/ccs/Debug/driverlib.lib
       gpio.obj                       384    0         0      
       sysctl.obj                     114    0         0      
    +--+------------------------------+------+---------+---------+
       Total:                         498    0         0      
                                                              
    C:\ti\ccs1030\ccs\tools\compiler\ti-cgt-arm_20.2.5.LTS\lib\rtsv7M4_T_le_v4SPD16_eabi.lib
       autoinit.c.obj                 68     0         0      
       boot_cortex_m.c.obj            52     0         0      
       copy_zero_init.c.obj           28     0         0      
       exit.c.obj                     4      0         0      
       pre_init.c.obj                 4      0         0      
    +--+------------------------------+------+---------+---------+
       Total:                         156    0         0      
                                                              
       Stack:                         0      0         512    
       Linker Generated:              0      20        0      
    +--+------------------------------+------+---------+---------+
       Grand Total:                   986    640       513    


LINKER GENERATED COPY TABLES

__TI_cinit_table @ 00000654 records: 1, size/record: 8, table size: 8
	.bss: load addr=00000648, load size=00000008 bytes, run addr=20000200, run size=00000001 bytes, compression=zero_init


LINKER GENERATED HANDLER TABLE

__TI_handler_table @ 00000650 records: 1, size/record: 4, table size: 4
	index: 0, handler: __TI_zero_init


GLOBAL SYMBOLS: SORTED ALPHABETICALLY BY Name 

address   name                          
-------   ----                          
00000645  C$$EXIT                       
000005c5  GPIODirModeSet                
000003ad  GPIOPadConfigSet              
0000062f  GPIOPinRead                   
0000060b  GPIOPinTypeGPIOOutput         
00000635  GPIOPinWrite                  
00000623  ResetISR                      
0000063b  SysCtlDelay                   
0000055d  SysCtlPeripheralEnable        
00000525  SysCtlPeripheralReady         
20000200  __STACK_END                   
00000200  __STACK_SIZE                  
20000200  __STACK_TOP                   
00000654  __TI_CINIT_Base               
0000065c  __TI_CINIT_Limit              
00000650  __TI_Handler_Table_Base       
00000654  __TI_Handler_Table_Limit      
000004e1  __TI_auto_init_nobinit_nopinit
ffffffff  __TI_pprof_out_hndl           
ffffffff  __TI_prof_data_size           
ffffffff  __TI_prof_data_start          
00000000  __TI_static_base__            
000005ef  __TI_zero_init_nomemset       
ffffffff  __binit__                     
ffffffff  __c_args__                    
UNDEFED   __mpu_init                    
20000000  __stack                       
20000000  __start___llvm_prf_cnts       
20000000  __stop___llvm_prf_cnts        
00000591  _c_int00_noargs               
UNDEFED   _system_post_cinit            
00000641  _system_pre_init              
00000645  abort                         
ffffffff  binit                         
20000200  flag                          
00000000  g_pfnVectors                  
0000026d  main                          


GLOBAL SYMBOLS: SORTED BY Symbol Address 

address   name                          
-------   ----                          
00000000  __TI_static_base__            
00000000  g_pfnVectors                  
00000200  __STACK_SIZE                  
0000026d  main                          
000003ad  GPIOPadConfigSet              
000004e1  __TI_auto_init_nobinit_nopinit
00000525  SysCtlPeripheralReady         
0000055d  SysCtlPeripheralEnable        
00000591  _c_int00_noargs               
000005c5  GPIODirModeSet                
000005ef  __TI_zero_init_nomemset       
0000060b  GPIOPinTypeGPIOOutput         
00000623  ResetISR                      
0000062f  GPIOPinRead                   
00000635  GPIOPinWrite                  
0000063b  SysCtlDelay                   
00000641  _system_pre_init              
00000645  C$$EXIT                       
00000645  abort                         
00000650  __TI_Handler_Table_Base       
00000654  __TI_CINIT_Base               
00000654  __TI_Handler_Table_Limit      
0000065c  __TI_CINIT_Limit              
20000000  __stack                       
20000000  __start___llvm_prf_cnts       
20000000  __stop___llvm_prf_cnts        
20000200  __STACK_END                   
20000200  __STACK_TOP                   
20000200  flag                          
ffffffff  __TI_pprof_out_hndl           
ffffffff  __TI_prof_data_size           
ffffffff  __TI_prof_data_start          
ffffffff  __binit__                     
ffffffff  __c_args__                    
ffffffff  binit                         
UNDEFED   __mpu_init                    
UNDEFED   _system_post_cinit            

[37 symbols]
