******************************************************************************
                  TI ARM Linker PC v20.2.5                     
******************************************************************************
>> Linked Fri May 14 04:46:29 2021

OUTPUT FILE NAME:   <Hola mundo.out>
ENTRY POINT SYMBOL: "_c_int00_noargs"  address: 000005b1


MEMORY CONFIGURATION

         name            origin    length      used     unused   attr    fill
----------------------  --------  ---------  --------  --------  ----  --------
  FLASH                 00000000   00040000  0000067c  0003f984  R  X
  SRAM                  20000000   00008000  00000201  00007dff  RW X


SEGMENT ALLOCATION MAP

run origin  load origin   length   init length attrs members
----------  ----------- ---------- ----------- ----- -------
00000000    00000000    0000067c   0000067c    r-x
  00000000    00000000    0000026c   0000026c    r-- .intvecs
  0000026c    0000026c    000003fc   000003fc    r-x .text
  00000668    00000668    00000014   00000014    r-- .cinit
20000000    20000000    00000201   00000000    rw-
  20000000    20000000    00000200   00000000    rw- .stack
  20000200    20000200    00000001   00000000    rw- .bss


SECTION ALLOCATION MAP

 output                                  attributes/
section   page    origin      length       input sections
--------  ----  ----------  ----------   ----------------
.intvecs   0    00000000    0000026c     
                  00000000    0000026c     tm4c123gh6pm_startup_ccs.obj (.intvecs)

.text      0    0000026c    000003fc     
                  0000026c    00000160     main.obj (.text)
                  000003cc    00000132     driverlib.lib : gpio.obj (.text:GPIOPadConfigSet)
                  000004fe    00000002     --HOLE-- [fill = 0]
                  00000500    00000044     rtsv7M4_T_le_v4SPD16_eabi.lib : autoinit.c.obj (.text:__TI_auto_init_nobinit_nopinit:__TI_auto_init_nobinit_nopinit)
                  00000544    00000038     driverlib.lib : sysctl.obj (.text:SysCtlPeripheralReady)
                  0000057c    00000034                   : sysctl.obj (.text:SysCtlPeripheralEnable)
                  000005b0    00000034     rtsv7M4_T_le_v4SPD16_eabi.lib : boot_cortex_m.c.obj (.text:_c_int00_noargs:_c_int00_noargs)
                  000005e4    0000002a     driverlib.lib : gpio.obj (.text:GPIODirModeSet)
                  0000060e    0000001c     rtsv7M4_T_le_v4SPD16_eabi.lib : copy_zero_init.c.obj (.text:decompress:ZI:__TI_zero_init_nomemset:__TI_zero_init_nomemset)
                  0000062a    00000018     driverlib.lib : gpio.obj (.text:GPIOPinTypeGPIOOutput)
                  00000642    0000000c     tm4c123gh6pm_startup_ccs.obj (.text)
                  0000064e    00000006     driverlib.lib : gpio.obj (.text:GPIOPinRead)
                  00000654    00000006                   : gpio.obj (.text:GPIOPinWrite)
                  0000065a    00000006                   : sysctl.obj (.text:SysCtlDelay)
                  00000660    00000004     rtsv7M4_T_le_v4SPD16_eabi.lib : pre_init.c.obj (.text:_system_pre_init)
                  00000664    00000004                                   : exit.c.obj (.text:abort:abort)

.cinit     0    00000668    00000014     
                  00000668    00000008     (.cinit..bss.load) [load image, compression = zero_init]
                  00000670    00000004     (__TI_handler_table)
                  00000674    00000008     (__TI_cinit_table)

.init_array 
*          0    00000000    00000000     UNINITIALIZED

.bss       0    20000200    00000001     UNINITIALIZED
                  20000200    00000001     (.common:flag)

.stack     0    20000000    00000200     UNINITIALIZED
                  20000000    00000004     rtsv7M4_T_le_v4SPD16_eabi.lib : boot_cortex_m.c.obj (.stack)
                  20000004    000001fc     --HOLE--

__llvm_prf_cnts 
*          0    20000000    00000000     UNINITIALIZED

MODULE SUMMARY

       Module                         code   ro data   rw data
       ------                         ----   -------   -------
    .\
       tm4c123gh6pm_startup_ccs.obj   12     620       0      
       main.obj                       352    0         1      
    +--+------------------------------+------+---------+---------+
       Total:                         364    620       1      
                                                              
    C:/ti/TivaWare_C_Series-2.1.4.178/driverlib/ccs/Debug/driverlib.lib
       gpio.obj                       384    0         0      
       sysctl.obj                     114    0         0      
    +--+------------------------------+------+---------+---------+
       Total:                         498    0         0      
                                                              
    C:\ti\ccs1030\ccs\tools\compiler\ti-cgt-arm_20.2.5.LTS\lib\rtsv7M4_T_le_v4SPD16_eabi.lib
       autoinit.c.obj                 68     0         0      
       boot_cortex_m.c.obj            52     0         0      
       copy_zero_init.c.obj           28     0         0      
       exit.c.obj                     4      0         0      
       pre_init.c.obj                 4      0         0      
    +--+------------------------------+------+---------+---------+
       Total:                         156    0         0      
                                                              
       Stack:                         0      0         512    
       Linker Generated:              0      20        0      
    +--+------------------------------+------+---------+---------+
       Grand Total:                   1018   640       513    


LINKER GENERATED COPY TABLES

__TI_cinit_table @ 00000674 records: 1, size/record: 8, table size: 8
	.bss: load addr=00000668, load size=00000008 bytes, run addr=20000200, run size=00000001 bytes, compression=zero_init


LINKER GENERATED HANDLER TABLE

__TI_handler_table @ 00000670 records: 1, size/record: 4, table size: 4
	index: 0, handler: __TI_zero_init


GLOBAL SYMBOLS: SORTED ALPHABETICALLY BY Name 

address   name                          
-------   ----                          
00000665  C$$EXIT                       
000005e5  GPIODirModeSet                
000003cd  GPIOPadConfigSet              
0000064f  GPIOPinRead                   
0000062b  GPIOPinTypeGPIOOutput         
00000655  GPIOPinWrite                  
00000643  ResetISR                      
0000065b  SysCtlDelay                   
0000057d  SysCtlPeripheralEnable        
00000545  SysCtlPeripheralReady         
20000200  __STACK_END                   
00000200  __STACK_SIZE                  
20000200  __STACK_TOP                   
00000674  __TI_CINIT_Base               
0000067c  __TI_CINIT_Limit              
00000670  __TI_Handler_Table_Base       
00000674  __TI_Handler_Table_Limit      
00000501  __TI_auto_init_nobinit_nopinit
ffffffff  __TI_pprof_out_hndl           
ffffffff  __TI_prof_data_size           
ffffffff  __TI_prof_data_start          
00000000  __TI_static_base__            
0000060f  __TI_zero_init_nomemset       
ffffffff  __binit__                     
ffffffff  __c_args__                    
UNDEFED   __mpu_init                    
20000000  __stack                       
20000000  __start___llvm_prf_cnts       
20000000  __stop___llvm_prf_cnts        
000005b1  _c_int00_noargs               
UNDEFED   _system_post_cinit            
00000661  _system_pre_init              
00000665  abort                         
ffffffff  binit                         
20000200  flag                          
00000000  g_pfnVectors                  
0000026d  main                          


GLOBAL SYMBOLS: SORTED BY Symbol Address 

address   name                          
-------   ----                          
00000000  __TI_static_base__            
00000000  g_pfnVectors                  
00000200  __STACK_SIZE                  
0000026d  main                          
000003cd  GPIOPadConfigSet              
00000501  __TI_auto_init_nobinit_nopinit
00000545  SysCtlPeripheralReady         
0000057d  SysCtlPeripheralEnable        
000005b1  _c_int00_noargs               
000005e5  GPIODirModeSet                
0000060f  __TI_zero_init_nomemset       
0000062b  GPIOPinTypeGPIOOutput         
00000643  ResetISR                      
0000064f  GPIOPinRead                   
00000655  GPIOPinWrite                  
0000065b  SysCtlDelay                   
00000661  _system_pre_init              
00000665  C$$EXIT                       
00000665  abort                         
00000670  __TI_Handler_Table_Base       
00000674  __TI_CINIT_Base               
00000674  __TI_Handler_Table_Limit      
0000067c  __TI_CINIT_Limit              
20000000  __stack                       
20000000  __start___llvm_prf_cnts       
20000000  __stop___llvm_prf_cnts        
20000200  __STACK_END                   
20000200  __STACK_TOP                   
20000200  flag                          
ffffffff  __TI_pprof_out_hndl           
ffffffff  __TI_prof_data_size           
ffffffff  __TI_prof_data_start          
ffffffff  __binit__                     
ffffffff  __c_args__                    
ffffffff  binit                         
UNDEFED   __mpu_init                    
UNDEFED   _system_post_cinit            

[37 symbols]
