******************************************************************************
                  TI ARM Linker PC v20.2.5                     
******************************************************************************
>> Linked Mon May 10 00:27:48 2021

OUTPUT FILE NAME:   <lab7.out>
ENTRY POINT SYMBOL: "_c_int00_noargs"  address: 0000096d


MEMORY CONFIGURATION

         name            origin    length      used     unused   attr    fill
----------------------  --------  ---------  --------  --------  ----  --------
  FLASH                 00000000   00040000  00000db8  0003f248  R  X
  SRAM                  20000000   00008000  00000471  00007b8f  RW X


SEGMENT ALLOCATION MAP

run origin  load origin   length   init length attrs members
----------  ----------- ---------- ----------- ----- -------
00000000    00000000    00000dbc   00000dbc    r-x
  00000000    00000000    0000026c   0000026c    r-- .intvecs
  0000026c    0000026c    0000089c   0000089c    r-x .text
  00000b08    00000b08    0000028c   0000028c    r-- .const
  00000d98    00000d98    00000024   00000024    r-- .cinit
20000000    20000000    00000475   00000000    rw-
  20000000    20000000    0000026c   00000000    rw- .vtable
  20000270    20000270    00000200   00000000    rw- .stack
  20000470    20000470    00000005   00000000    rw- .bss


SECTION ALLOCATION MAP

 output                                  attributes/
section   page    origin      length       input sections
--------  ----  ----------  ----------   ----------------
.intvecs   0    00000000    0000026c     
                  00000000    0000026c     tm4c123gh6pm_startup_ccs.obj (.intvecs)

.text      0    0000026c    0000089c     
                  0000026c    000001f4     main.obj (.text)
                  00000460    00000132     driverlib.lib : gpio.obj (.text:GPIOPadConfigSet)
                  00000592    00000002     --HOLE-- [fill = 0]
                  00000594    00000110                   : sysctl.obj (.text:SysCtlClockGet)
                  000006a4    00000068                   : interrupt.obj (.text:IntEnable)
                  0000070c    00000060                   : timer.obj (.text:TimerConfigure)
                  0000076c    0000004c                   : timer.obj (.text:_TimerIntNumberGet)
                  000007b8    00000048                   : gpio.obj (.text:GPIOPinConfigure)
                  00000800    00000046                   : uart.obj (.text:UARTConfigSetExpClk)
                  00000846    00000002     --HOLE-- [fill = 0]
                  00000848    00000044     rtsv7M4_T_le_v4SPD16_eabi.lib : autoinit.c.obj (.text:__TI_auto_init_nobinit_nopinit:__TI_auto_init_nobinit_nopinit)
                  0000088c    00000040     driverlib.lib : uart.obj (.text:_UARTIntNumberGet)
                  000008cc    00000038                   : sysctl.obj (.text:SysCtlPeripheralReady)
                  00000904    00000034                   : interrupt.obj (.text:IntRegister)
                  00000938    00000034                   : sysctl.obj (.text:SysCtlPeripheralEnable)
                  0000096c    00000034     rtsv7M4_T_le_v4SPD16_eabi.lib : boot_cortex_m.c.obj (.text:_c_int00_noargs:_c_int00_noargs)
                  000009a0    0000002a     driverlib.lib : gpio.obj (.text:GPIODirModeSet)
                  000009ca    00000002     --HOLE-- [fill = 0]
                  000009cc    00000020                   : uart.obj (.text:UARTDisable)
                  000009ec    0000001c     rtsv7M4_T_le_v4SPD16_eabi.lib : copy_zero_init.c.obj (.text:decompress:ZI:__TI_zero_init_nomemset:__TI_zero_init_nomemset)
                  00000a08    00000018     driverlib.lib : gpio.obj (.text:GPIOPinTypeGPIOOutput)
                  00000a20    00000018                   : timer.obj (.text:TimerIntRegister)
                  00000a38    00000018                   : uart.obj (.text:UARTIntRegister)
                  00000a50    00000014                   : uart.obj (.text:UARTEnable)
                  00000a64    00000012                   : gpio.obj (.text:GPIOPinTypeUART)
                  00000a76    00000012                   : timer.obj (.text:TimerLoadSet)
                  00000a88    00000010                   : interrupt.obj (.text:IntMasterEnable)
                  00000a98    0000000e                   : timer.obj (.text:TimerEnable)
                  00000aa6    0000000c                   : cpu.obj (.text:CPUcpsie)
                  00000ab2    0000000c     tm4c123gh6pm_startup_ccs.obj (.text)
                  00000abe    0000000a     driverlib.lib : uart.obj (.text:UARTCharGet)
                  00000ac8    0000000a                   : uart.obj (.text:UARTCharPut)
                  00000ad2    0000000a                   : uart.obj (.text:UARTFIFOEnable)
                  00000adc    00000008                   : timer.obj (.text:TimerIntEnable)
                  00000ae4    00000008                   : uart.obj (.text:UARTIntEnable)
                  00000aec    00000006                   : gpio.obj (.text:GPIOPinRead)
                  00000af2    00000006                   : gpio.obj (.text:GPIOPinWrite)
                  00000af8    00000004                   : timer.obj (.text:TimerIntClear)
                  00000afc    00000004                   : uart.obj (.text:UARTIntClear)
                  00000b00    00000004     rtsv7M4_T_le_v4SPD16_eabi.lib : pre_init.c.obj (.text:_system_pre_init)
                  00000b04    00000004                                   : exit.c.obj (.text:abort:abort)

.const     0    00000b08    0000028c     
                  00000b08    00000090     driverlib.lib : gpio.obj (.const:g_pui32GPIOBaseAddrs)
                  00000b98    00000070                   : interrupt.obj (.const)
                  00000c08    0000006c                   : sysctl.obj (.const:g_pui32Xtals)
                  00000c74    00000060                   : timer.obj (.const:g_ppui32TimerIntMap)
                  00000cd4    00000040                   : timer.obj (.const:g_ppui32TimerIntMapSnowflake)
                  00000d14    00000040                   : uart.obj (.const:g_ppui32UARTIntMap)
                  00000d54    00000040                   : uart.obj (.const:g_ppui32UARTIntMapSnowflake)

.cinit     0    00000d98    00000024     
                  00000d98    00000008     (.cinit..bss.load) [load image, compression = zero_init]
                  00000da0    00000008     (.cinit..vtable.load) [load image, compression = zero_init]
                  00000da8    00000004     (__TI_handler_table)
                  00000dac    00000010     (__TI_cinit_table)

.init_array 
*          0    00000000    00000000     UNINITIALIZED

.vtable    0    20000000    0000026c     UNINITIALIZED
                  20000000    0000026c     driverlib.lib : interrupt.obj (.vtable)

.bss       0    20000470    00000005     UNINITIALIZED
                  20000470    00000004     (.common:b)
                  20000474    00000001     (.common:a)

.stack     0    20000270    00000200     UNINITIALIZED
                  20000270    00000004     rtsv7M4_T_le_v4SPD16_eabi.lib : boot_cortex_m.c.obj (.stack)
                  20000274    000001fc     --HOLE--

__llvm_prf_cnts 
*          0    20000000    00000000     UNINITIALIZED

MODULE SUMMARY

       Module                         code   ro data   rw data
       ------                         ----   -------   -------
    .\
       tm4c123gh6pm_startup_ccs.obj   12     620       0      
       main.obj                       500    0         5      
    +--+------------------------------+------+---------+---------+
       Total:                         512    620       5      
                                                              
    C:/ti/TivaWare_C_Series-2.1.4.178/driverlib/ccs/Debug/driverlib.lib
       interrupt.obj                  172    112       620    
       gpio.obj                       474    144       0      
       sysctl.obj                     380    108       0      
       timer.obj                      240    160       0      
       uart.obj                       252    128       0      
       cpu.obj                        12     0         0      
    +--+------------------------------+------+---------+---------+
       Total:                         1530   652       620    
                                                              
    C:\ti\ccs1030\ccs\tools\compiler\ti-cgt-arm_20.2.5.LTS\lib\rtsv7M4_T_le_v4SPD16_eabi.lib
       autoinit.c.obj                 68     0         0      
       boot_cortex_m.c.obj            52     0         0      
       copy_zero_init.c.obj           28     0         0      
       exit.c.obj                     4      0         0      
       pre_init.c.obj                 4      0         0      
    +--+------------------------------+------+---------+---------+
       Total:                         156    0         0      
                                                              
       Stack:                         0      0         512    
       Linker Generated:              0      36        0      
    +--+------------------------------+------+---------+---------+
       Grand Total:                   2198   1308      1137   


LINKER GENERATED COPY TABLES

__TI_cinit_table @ 00000dac records: 2, size/record: 8, table size: 16
	.bss: load addr=00000d98, load size=00000008 bytes, run addr=20000470, run size=00000005 bytes, compression=zero_init
	.vtable: load addr=00000da0, load size=00000008 bytes, run addr=20000000, run size=0000026c bytes, compression=zero_init


LINKER GENERATED HANDLER TABLE

__TI_handler_table @ 00000da8 records: 1, size/record: 4, table size: 4
	index: 0, handler: __TI_zero_init


GLOBAL SYMBOLS: SORTED ALPHABETICALLY BY Name 

address   name                          
-------   ----                          
00000b05  C$$EXIT                       
00000aa7  CPUcpsie                      
000009a1  GPIODirModeSet                
00000461  GPIOPadConfigSet              
000007b9  GPIOPinConfigure              
00000aed  GPIOPinRead                   
00000a09  GPIOPinTypeGPIOOutput         
00000a65  GPIOPinTypeUART               
00000af3  GPIOPinWrite                  
000006a5  IntEnable                     
00000a89  IntMasterEnable               
00000905  IntRegister                   
00000ab3  ResetISR                      
00000595  SysCtlClockGet                
00000939  SysCtlPeripheralEnable        
000008cd  SysCtlPeripheralReady         
000003c3  Timer0IntHandler              
0000070d  TimerConfigure                
00000a99  TimerEnable                   
00000af9  TimerIntClear                 
00000add  TimerIntEnable                
00000a21  TimerIntRegister              
00000a77  TimerLoadSet                  
00000abf  UARTCharGet                   
00000ac9  UARTCharPut                   
00000801  UARTConfigSetExpClk           
000009cd  UARTDisable                   
00000a51  UARTEnable                    
00000ad3  UARTFIFOEnable                
00000afd  UARTIntClear                  
00000ae5  UARTIntEnable                 
0000041d  UARTIntHandler                
00000a39  UARTIntRegister               
20000470  __STACK_END                   
00000200  __STACK_SIZE                  
20000470  __STACK_TOP                   
00000dac  __TI_CINIT_Base               
00000dbc  __TI_CINIT_Limit              
00000da8  __TI_Handler_Table_Base       
00000dac  __TI_Handler_Table_Limit      
00000849  __TI_auto_init_nobinit_nopinit
ffffffff  __TI_pprof_out_hndl           
ffffffff  __TI_prof_data_size           
ffffffff  __TI_prof_data_start          
00000000  __TI_static_base__            
000009ed  __TI_zero_init_nomemset       
ffffffff  __binit__                     
ffffffff  __c_args__                    
UNDEFED   __mpu_init                    
20000270  __stack                       
20000000  __start___llvm_prf_cnts       
20000000  __stop___llvm_prf_cnts        
0000096d  _c_int00_noargs               
UNDEFED   _system_post_cinit            
00000b01  _system_pre_init              
20000474  a                             
00000b05  abort                         
20000470  b                             
ffffffff  binit                         
20000000  g_pfnRAMVectors               
00000000  g_pfnVectors                  
0000026d  main                          


GLOBAL SYMBOLS: SORTED BY Symbol Address 

address   name                          
-------   ----                          
00000000  __TI_static_base__            
00000000  g_pfnVectors                  
00000200  __STACK_SIZE                  
0000026d  main                          
000003c3  Timer0IntHandler              
0000041d  UARTIntHandler                
00000461  GPIOPadConfigSet              
00000595  SysCtlClockGet                
000006a5  IntEnable                     
0000070d  TimerConfigure                
000007b9  GPIOPinConfigure              
00000801  UARTConfigSetExpClk           
00000849  __TI_auto_init_nobinit_nopinit
000008cd  SysCtlPeripheralReady         
00000905  IntRegister                   
00000939  SysCtlPeripheralEnable        
0000096d  _c_int00_noargs               
000009a1  GPIODirModeSet                
000009cd  UARTDisable                   
000009ed  __TI_zero_init_nomemset       
00000a09  GPIOPinTypeGPIOOutput         
00000a21  TimerIntRegister              
00000a39  UARTIntRegister               
00000a51  UARTEnable                    
00000a65  GPIOPinTypeUART               
00000a77  TimerLoadSet                  
00000a89  IntMasterEnable               
00000a99  TimerEnable                   
00000aa7  CPUcpsie                      
00000ab3  ResetISR                      
00000abf  UARTCharGet                   
00000ac9  UARTCharPut                   
00000ad3  UARTFIFOEnable                
00000add  TimerIntEnable                
00000ae5  UARTIntEnable                 
00000aed  GPIOPinRead                   
00000af3  GPIOPinWrite                  
00000af9  TimerIntClear                 
00000afd  UARTIntClear                  
00000b01  _system_pre_init              
00000b05  C$$EXIT                       
00000b05  abort                         
00000da8  __TI_Handler_Table_Base       
00000dac  __TI_CINIT_Base               
00000dac  __TI_Handler_Table_Limit      
00000dbc  __TI_CINIT_Limit              
20000000  __start___llvm_prf_cnts       
20000000  __stop___llvm_prf_cnts        
20000000  g_pfnRAMVectors               
20000270  __stack                       
20000470  __STACK_END                   
20000470  __STACK_TOP                   
20000470  b                             
20000474  a                             
ffffffff  __TI_pprof_out_hndl           
ffffffff  __TI_prof_data_size           
ffffffff  __TI_prof_data_start          
ffffffff  __binit__                     
ffffffff  __c_args__                    
ffffffff  binit                         
UNDEFED   __mpu_init                    
UNDEFED   _system_post_cinit            

[62 symbols]
